[debug] [2026-06-12T07:10:59.705Z] ----------------------------------------------------------------------
[debug] [2026-06-12T07:10:59.707Z] Command:       C:\Program Files\nodejs\node.exe C:\Users\AMD\AppData\Roaming\npm\node_modules\firebase-tools\lib\bin\firebase.js init
[debug] [2026-06-12T07:10:59.707Z] CLI Version:   15.20.0
[debug] [2026-06-12T07:10:59.707Z] Platform:      win32
[debug] [2026-06-12T07:10:59.708Z] Node Version:  v24.13.0
[debug] [2026-06-12T07:10:59.708Z] Time:          Fri Jun 12 2026 13:10:59 GMT+0600 (Bangladesh Standard Time)
[debug] [2026-06-12T07:10:59.708Z] ----------------------------------------------------------------------
[debug] 
[info] 
     ######## #### ########  ######## ########     ###     ######  ########
     ##        ##  ##     ## ##       ##     ##  ##   ##  ##       ##
     ######    ##  ########  ######   ########  #########  ######  ######
     ##        ##  ##    ##  ##       ##     ## ##     ##       ## ##
     ##       #### ##     ## ######## ########  ##     ##  ######  ########

You're about to initialize a Firebase project in this directory:

  C:\Web Projects\Web BootCamp\Assignment\Revenio-1

Before we get started, keep in mind:

  * You are currently outside your home directory

[info] 
=== Project Setup
[info] 
[info] First, let's associate this project directory with a Firebase project.
[info] You can create multiple project aliases by running firebase use --add, 
[info] 
[debug] [2026-06-12T07:11:30.958Z] > command requires scopes: ["email","openid","https://www.googleapis.com/auth/cloudplatformprojects.readonly","https://www.googleapis.com/auth/firebase","https://www.googleapis.com/auth/cloud-platform"]
[debug] [2026-06-12T07:11:30.959Z] > authorizing via signed-in user (sumaiya.cse.tec@gmail.com)
[debug] [2026-06-12T07:11:30.960Z] Checked if tokens are valid: false, expires at: 1781193860151
[debug] [2026-06-12T07:11:30.960Z] Checked if tokens are valid: false, expires at: 1781193860151
[debug] [2026-06-12T07:11:30.960Z] > refreshing access token with scopes: []
[debug] [2026-06-12T07:11:30.961Z] >>> [apiv2][query] POST https://www.googleapis.com/oauth2/v3/token [none]
[debug] [2026-06-12T07:11:30.961Z] >>> [apiv2][body] POST https://www.googleapis.com/oauth2/v3/token [omitted]
[debug] [2026-06-12T07:11:31.258Z] <<< [apiv2][status] POST https://www.googleapis.com/oauth2/v3/token 200
[debug] [2026-06-12T07:11:31.258Z] <<< [apiv2][body] POST https://www.googleapis.com/oauth2/v3/token [omitted]
[debug] [2026-06-12T07:11:31.270Z] >>> [apiv2][query] GET https://firebase.googleapis.com/v1beta1/projects pageSize=100
[debug] [2026-06-12T07:11:32.122Z] <<< [apiv2][status] GET https://firebase.googleapis.com/v1beta1/projects 200
[debug] [2026-06-12T07:11:32.122Z] <<< [apiv2][body] GET https://firebase.googleapis.com/v1beta1/projects [omitted]
[info] 
=== Hosting Setup
[info] 
